// Jest Snapshot v1, https://goo.gl/fbAQLP

exports[`render DashboardPage 1`] = `
<div>
  Dashboard Page content
</div>
`;
